[www.theborneopost.com/2024/07/08/pbs-confident-in-retaining-kiulu-kundasang-tandek-seats/index.html]
[backblue.gif]
[fade.gif]
[index.html]
[www.theborneopost.com/newsimages/2022/03/bp.png]
[www.theborneopost.com/wp-content/plugins/wordpress-popular-posts/assets/js/wpp.min9d27.js]
[www.theborneopost.com/wp-content/plugins/wp-google-search/wgs2109c.css]
[www.theborneopost.com/wp-includes/css/dist/block-library/style.min109c.css]
[www.theborneopost.com/wp-content/plugins/simple-embed-code/css/video-container.min7f0f.css]
[www.theborneopost.com/wp-content/plugins/simple-social-buttons/assets/css/front7923.css]
[www.theborneopost.com/wp-content/themes/smart-mag/style55a0.css]
[www.theborneopost.com/wp-content/themes/smart-mag/css/responsive55a0.css]
[www.theborneopost.com/wp-content/themes/smart-mag/css/fontawesome/css/font-awesome.min55a0.css]
[www.theborneopost.com/wp-includes/js/jquery/jquery.minf43b.js]
[www.theborneopost.com/wp-includes/js/jquery/jquery-migrate.min5589.js]
[www.theborneopost.com/wp-content/plugins/simple-social-buttons/assets/js/front7923.js]
[cdn.izooto.com/scripts/46b74e9814507b12b6584d775d8f0b4cb449d57f.js]
[securepubads.g.doubleclick.net/tag/js/f.txt]
[www.theborneopost.com/newsimages/2021/02/logo.png]
[www.theborneopost.com/newsimages/2024/07/joniston-1.jpg]
[pagead2.googlesyndication.com/pagead/js/f.txt]
[www.theborneopost.com/newsimages/2023/01/Epaper-Subscribe-320X100-BP-yellow.jpg]
[www.theborneopost.com/newsimages/2024/08/KROOM-enews-Eng.jpg]
[www.theborneopost.com/wp-content/plugins/wp-google-search/assets/js/google_cse_v268b3.js]
[www.theborneopost.com/wp-content/plugins/automatic-copyright-year/script5152.js]
[www.theborneopost.com/wp-content/themes/smart-mag/js/bunyad-theme55a0.js]
[www.theborneopost.com/wp-content/themes/smart-mag/js/jquery.flexslider-min55a0.js]
[www.theborneopost.com/wp-content/themes/smart-mag/js/jquery.sticky-sidebar.min55a0.js]
[www.theborneopost.com/2024/07/08/pbs-confident-in-retaining-kiulu-kundasang-tandek-seats/index.html]
[www.theborneopost.com/wp-content/plugins/wp-google-search/wgs2109c.css]
[www.theborneopost.com/wp-includes/css/dist/block-library/style.min109c.css]
[www.theborneopost.com/wp-content/plugins/simple-embed-code/css/video-container.min7f0f.css]
[www.theborneopost.com/wp-content/plugins/simple-social-buttons/assets/css/front7923.css]
[www.theborneopost.com/cdn-cgi/challenge-platform/h/g/scripts/jsd/f9063374b04d/maind41d.js]
[www.theborneopost.com/wp-content/themes/smart-mag/images/ie8-slider-overlay.png]
[www.theborneopost.com/wp-content/themes/smart-mag/style55a0.css]
[www.theborneopost.com/wp-content/themes/smart-mag/css/responsive55a0.css]
[www.theborneopost.com/wp-content/themes/smart-mag/css/fontawesome/css/font-awesome.min55a0.css]
[www.theborneopost.com/wp-content/plugins/simple-social-buttons/assets/js/frontend-blocks7923.js]
